{
  "description": "Just a basic schema.",
  "title": "Basic Object",
  "type": "object",
  "definitions": {
    "foo": {
      "$ref": "#/definitions/foo"
    },
    "bar": {
      "$ref": "#/definitions/foo"
    }
  },
  "properties": {
    "foo": {
      "$ref": "#/definitions/foo"
    },
    "bar": {
      "$ref": "#/definitions/foo"
    }
  }
}