{
  "description": "Just a basic schema.",
  "title": "Basic Object",
  "type": "object",
  "definitions": {
    "bar": {
      "description": "bar property",
      "type": "boolean"
    }
  },
  "properties": {
    "id": {
      "description": "custom unique identifier of a the object",
      "type": "string",
      "minLength": 1,
      "readOnly": true
    },
    "foo": {
      "description": "foo property",
      "readOnly": true,
      "type": "number"
    },
    "bar": {
      "description": "bar property",
      "type": "boolean"
    },
    "rfc1808": {
      "$ref": "ftp://ftp.is.co.za/rfc/rfc1808.txt"
    }
  }
}