{
  "type": "object",
  "properties": {
    "foo": {
      "type": "array",
      "item": {
        "type": "string"
      }
    }
  }
}