{
  "title": "nested folder test",
  "definitions": {
    "f1": {
      "description": "Just a basic schema within folder1.",
      "title": "Folder1 Object",
      "type": "object",
      "properties": {
        "something": {
          "description": "some property",
          "readOnly": true,
          "type": "number"
        },
        "someMore": {
          "type": "number"
        }
      }
    },
    "someNestedProp": {
      "type": "string"
    }
  },
  "properties": {
    "f1": {
      "description": "Just a basic schema within folder1.",
      "title": "Folder1 Object",
      "type": "object",
      "properties": {
        "something": {
          "description": "some property",
          "readOnly": true,
          "type": "number"
        },
        "someMore": {
          "type": "number"
        }
      }
    },
    "someNestedProp": {
      "type": "string"
    }
  }
}