{
  "a": null,
  "b": {
    "type": "number"
  }
}
