{
  "a": {
    "a":{
      "a": 1,
      "b": 2
    },
    "b": {
      "a": 1,
      "b": 2
    }
  },
  "b": {
    "a":{
      "a": 1,
      "b": {
        "a": 1,
        "b": 2
      },
      "c": 3
    }
  },
  "c": {
    "a":{
      "a": 1,
      "b": {
        "a": 1,
        "b": 2
      },
      "c": 3
    }
  }
}
