 {
   "a": 2,
   "b": {
     "a": 1,
     "b": {
       "a": 2,
       "b": 3
     }
   },
   "c": 3
 }
