{
  "a": "value of c",
  "b": "value of c",
  "c": "value of c"
}
