{
  "a": {
    "a": {
      "a": "val aaa",
      "b": "val aac",
      "c": "val aac"
    },
    "b": "val ba"
  },
  "b": {
    "a": "val ba",
    "b": "val bb"
  }
}
