{
  "a": 1,
  "b": {
    "a": {
      "a":123,
      "b":123
    },
    "b": {
      "a": "bba value",
      "b": "bbb value"
    },
    "c": "bc value",
    "d": 123
  },
  "c": {
    "a": 123,
    "b": 123
  },
  "d": 123
}
